interactions:
- request:
    body: grant_type=client_credentials
    headers:
      Accept:
      - application/json
      Accept-Encoding:
      - gzip, deflate
      Authorization:
      - Basic DUMMY_VALUE
      Connection:
      - keep-alive
      Content-Length:
      - '29'
      Content-Type:
      - application/x-www-form-urlencoded
      User-Agent:
      - python-fakturoid-v3-test
    method: POST
    uri: https://app.fakturoid.cz/api/v3/oauth/token
  response:
    body:
      string: '{"access_token": "DUMMY_TOKEN", "token_type": "Bearer", "expires_in":
        7200}'
    headers:
      cache-control:
      - no-store
      content-length:
      - '139'
      content-type:
      - application/json; charset=utf-8
      date:
      - Mon, 12 May 2025 02:34:05 GMT
      etag:
      - W/"469c470f0ab12c522498c152ea412686"
      pragma:
      - no-cache
      referrer-policy:
      - strict-origin-when-cross-origin
      strict-transport-security:
      - max-age=63072000; includeSubDomains; preload
      vary:
      - Accept,Accept-Encoding
      x-content-type-options:
      - nosniff
      x-frame-options:
      - SAMEORIGIN
      x-permitted-cross-domain-policies:
      - none
      x-ratelimit:
      - default;r=390;t=59
      x-ratelimit-policy:
      - default;q=400;w=60
      x-request-id:
      - 3b6f6c42-84a2-4632-bbbf-90366990bae0
      x-runtime:
      - '0.014959'
      x-xss-protection:
      - '0'
    status:
      code: 200
      message: OK
- request:
    body: '{"name":"python-fakturoid-v3-test-1"}'
    headers:
      Accept:
      - application/json
      Accept-Encoding:
      - gzip, deflate
      Authorization:
      - Basic DUMMY_VALUE
      Connection:
      - keep-alive
      Content-Length:
      - '37'
      Content-Type:
      - application/json
      User-Agent:
      - python-fakturoid-v3-test
    method: POST
    uri: https://app.fakturoid.cz/api/v3/accounts/fakturcalldev/subjects.json
  response:
    body:
      string: '{"id":26457932,"custom_id":null,"type":"customer","name":"python-fakturoid-v3-test-1","street":null,"city":null,"zip":null,"country":"CZ","has_delivery_address":false,"delivery_name":null,"delivery_street":null,"delivery_city":null,"delivery_zip":null,"delivery_country":null,"registration_no":null,"vat_no":null,"local_vat_no":null,"bank_account":null,"iban":null,"swift_bic":null,"variable_symbol":null,"due":null,"currency":null,"language":null,"private_note":null,"full_name":null,"email":null,"email_copy":null,"phone":null,"web":null,"unreliable":false,"unreliable_checked_at":null,"legal_form":null,"setting_update_from_ares":"inherit","ares_update":false,"setting_invoice_pdf_attachments":"inherit","setting_estimate_pdf_attachments":"inherit","setting_invoice_send_reminders":"inherit","suggestion_enabled":true,"custom_email_text":null,"overdue_email_text":null,"invoice_from_proforma_email_text":null,"thank_you_email_text":null,"custom_estimate_email_text":null,"webinvoice_history":null,"html_url":"https://app.fakturoid.cz/fakturcalldev/subjects/26457932","url":"https://app.fakturoid.cz/api/v3/accounts/fakturcalldev/subjects/26457932.json","created_at":"2025-05-12T04:34:05.294+02:00","updated_at":"2025-05-12T04:34:05.294+02:00"}'
    headers:
      access-control-allow-origin:
      - '*'
      cache-control:
      - max-age=0, private, must-revalidate
      content-length:
      - '1246'
      content-type:
      - application/json; charset=utf-8
      date:
      - Mon, 12 May 2025 02:34:05 GMT
      etag:
      - W/"90709a6e2bd8cb42f56e2e056a0a784a"
      location:
      - https://app.fakturoid.cz/api/v3/accounts/fakturcalldev/subjects/26457932.json
      referrer-policy:
      - strict-origin-when-cross-origin
      set-cookie:
      - application_theme=eyJfcmFpbHMiOnsibWVzc2FnZSI6IklteHBaMmgwSWc9PSIsImV4cCI6IjIwMjYtMDUtMTJUMDI6MzQ6MDUuMjkxWiIsInB1ciI6ImNvb2tpZS5hcHBsaWNhdGlvbl90aGVtZSJ9fQ%3D%3D--4366ad55b7eb81c16cc62a324765c319dda682f2;
        path=/; expires=Tue, 12 May 2026 02:34:05 GMT; httponly; samesite=lax; secure
      strict-transport-security:
      - max-age=63072000; includeSubDomains; preload
      vary:
      - Accept-Encoding
      x-content-type-options:
      - nosniff
      x-frame-options:
      - SAMEORIGIN
      x-permitted-cross-domain-policies:
      - none
      x-ratelimit:
      - default;r=389;t=59
      x-ratelimit-policy:
      - default;q=400;w=60
      x-request-id:
      - 0ddb9fe6-f482-4ac1-ba38-53525c1167b1
      x-runtime:
      - '0.030709'
      x-xss-protection:
      - '0'
    status:
      code: 201
      message: Created
- request:
    body: '{"subject_id":26457932,"lines":[{"name":"python-fakturoid-v3-test-1","unit_price":"1"}]}'
    headers:
      Accept:
      - application/json
      Accept-Encoding:
      - gzip, deflate
      Authorization:
      - Basic DUMMY_VALUE
      Connection:
      - keep-alive
      Content-Length:
      - '88'
      Content-Type:
      - application/json
      Cookie:
      - application_theme=eyJfcmFpbHMiOnsibWVzc2FnZSI6IklteHBaMmgwSWc9PSIsImV4cCI6IjIwMjYtMDUtMTJUMDI6MzQ6MDUuMjkxWiIsInB1ciI6ImNvb2tpZS5hcHBsaWNhdGlvbl90aGVtZSJ9fQ%3D%3D--4366ad55b7eb81c16cc62a324765c319dda682f2
      User-Agent:
      - python-fakturoid-v3-test
    method: POST
    uri: https://app.fakturoid.cz/api/v3/accounts/fakturcalldev/invoices.json
  response:
    body:
      string: "{\"id\":47224348,\"custom_id\":null,\"document_type\":\"invoice\",\"proforma_followup_document\":null,\"correction_id\":null,\"number\":\"2025-0001\",\"number_format_id\":704078,\"variable_symbol\":\"20250001\",\"your_name\":\"fakturcall-dev\",\"your_street\":\"Bezru\u010Dova
        688\",\"your_city\":\"Lo\u0161tice\",\"your_zip\":\"789 83\",\"your_country\":\"CZ\",\"your_registration_no\":\"\",\"your_vat_no\":\"\",\"your_local_vat_no\":null,\"client_name\":\"python-fakturoid-v3-test-1\",\"client_street\":null,\"client_city\":null,\"client_zip\":null,\"client_country\":\"CZ\",\"client_registration_no\":null,\"client_vat_no\":null,\"client_local_vat_no\":null,\"client_has_delivery_address\":false,\"client_delivery_name\":null,\"client_delivery_street\":null,\"client_delivery_city\":null,\"client_delivery_zip\":null,\"client_delivery_country\":null,\"subject_id\":26457932,\"subject_custom_id\":null,\"generator_id\":null,\"related_id\":null,\"paypal\":false,\"gopay\":false,\"token\":\"1Wpcj1O5mw\",\"status\":\"open\",\"order_number\":null,\"issued_on\":\"2025-05-12\",\"taxable_fulfillment_due\":\"2025-05-12\",\"due\":14,\"due_on\":\"2025-05-26\",\"sent_at\":null,\"paid_on\":null,\"reminder_sent_at\":null,\"cancelled_at\":null,\"uncollectible_at\":null,\"locked_at\":null,\"webinvoice_seen_on\":null,\"note\":null,\"footer_note\":\"\",\"private_note\":null,\"tags\":[],\"bank_account\":\"123456/0000\",\"iban\":\"CZ2220100000002401457211\",\"swift_bic\":\"\",\"iban_visibility\":\"automatically\",\"show_already_paid_note_in_pdf\":false,\"payment_method\":\"bank\",\"custom_payment_method\":null,\"hide_bank_account\":false,\"currency\":\"CZK\",\"exchange_rate\":\"1.0\",\"language\":\"cz\",\"transferred_tax_liability\":false,\"supply_code\":null,\"oss\":\"disabled\",\"vat_price_mode\":\"without_vat\",\"subtotal\":\"1.0\",\"total\":\"1.0\",\"native_subtotal\":\"1.0\",\"native_total\":\"1.0\",\"remaining_amount\":\"1.0\",\"remaining_native_amount\":\"1.0\",\"eet_records\":[],\"lines\":[{\"id\":113983442,\"name\":\"python-fakturoid-v3-test-1\",\"quantity\":\"1.0\",\"unit_name\":\"\",\"unit_price\":\"1.0\",\"vat_rate\":0,\"unit_price_without_vat\":\"1.0\",\"unit_price_with_vat\":\"1.0\",\"total_price_without_vat\":\"1.0\",\"total_vat\":\"0.0\",\"native_total_price_without_vat\":\"1.0\",\"native_total_vat\":0,\"inventory\":null}],\"vat_rates_summary\":[{\"vat_rate\":0,\"base\":\"1.0\",\"vat\":\"0.0\",\"currency\":\"CZK\",\"native_base\":\"1.0\",\"native_vat\":\"0.0\",\"native_currency\":\"CZK\"}],\"paid_advances\":[],\"payments\":[],\"attachments\":[],\"html_url\":\"https://app.fakturoid.cz/fakturcalldev/invoices/47224348\",\"public_html_url\":\"https://app.fakturoid.cz/fakturcalldev/p/1Wpcj1O5mw/2025-0001\",\"url\":\"https://app.fakturoid.cz/api/v3/accounts/fakturcalldev/invoices/47224348.json\",\"pdf_url\":\"https://app.fakturoid.cz/api/v3/accounts/fakturcalldev/invoices/47224348/download.pdf\",\"subject_url\":\"https://app.fakturoid.cz/api/v3/accounts/fakturcalldev/subjects/26457932.json\",\"created_at\":\"2025-05-12T04:34:05.446+02:00\",\"updated_at\":\"2025-05-12T04:34:05.474+02:00\"}"
    headers:
      access-control-allow-origin:
      - '*'
      cache-control:
      - max-age=0, private, must-revalidate
      content-length:
      - '2787'
      content-type:
      - application/json; charset=utf-8
      date:
      - Mon, 12 May 2025 02:34:05 GMT
      etag:
      - W/"3c8bae51d6eda3462636f6325f3f01c3"
      location:
      - https://app.fakturoid.cz/api/v3/accounts/fakturcalldev/invoices/47224348.json
      referrer-policy:
      - strict-origin-when-cross-origin
      strict-transport-security:
      - max-age=63072000; includeSubDomains; preload
      vary:
      - Accept-Encoding
      x-content-type-options:
      - nosniff
      x-frame-options:
      - SAMEORIGIN
      x-permitted-cross-domain-policies:
      - none
      x-ratelimit:
      - default;r=388;t=59
      x-ratelimit-policy:
      - default;q=400;w=60
      x-request-id:
      - cb384592-4008-4c6b-bf99-486c00b08b57
      x-runtime:
      - '0.084965'
      x-xss-protection:
      - '0'
    status:
      code: 201
      message: Created
- request:
    body: null
    headers:
      Accept:
      - application/json
      Accept-Encoding:
      - gzip, deflate
      Authorization:
      - Basic DUMMY_VALUE
      Connection:
      - keep-alive
      Content-Type:
      - application/json
      Cookie:
      - application_theme=eyJfcmFpbHMiOnsibWVzc2FnZSI6IklteHBaMmgwSWc9PSIsImV4cCI6IjIwMjYtMDUtMTJUMDI6MzQ6MDUuMjkxWiIsInB1ciI6ImNvb2tpZS5hcHBsaWNhdGlvbl90aGVtZSJ9fQ%3D%3D--4366ad55b7eb81c16cc62a324765c319dda682f2
      User-Agent:
      - python-fakturoid-v3-test
    method: GET
    uri: https://app.fakturoid.cz/api/v3/accounts/fakturcalldev/invoices/47224348.json
  response:
    body:
      string: "{\"id\":47224348,\"custom_id\":null,\"document_type\":\"invoice\",\"proforma_followup_document\":null,\"correction_id\":null,\"number\":\"2025-0001\",\"number_format_id\":704078,\"variable_symbol\":\"20250001\",\"your_name\":\"fakturcall-dev\",\"your_street\":\"Bezru\u010Dova
        688\",\"your_city\":\"Lo\u0161tice\",\"your_zip\":\"789 83\",\"your_country\":\"CZ\",\"your_registration_no\":\"\",\"your_vat_no\":\"\",\"your_local_vat_no\":null,\"client_name\":\"python-fakturoid-v3-test-1\",\"client_street\":null,\"client_city\":null,\"client_zip\":null,\"client_country\":\"CZ\",\"client_registration_no\":null,\"client_vat_no\":null,\"client_local_vat_no\":null,\"client_has_delivery_address\":false,\"client_delivery_name\":null,\"client_delivery_street\":null,\"client_delivery_city\":null,\"client_delivery_zip\":null,\"client_delivery_country\":null,\"subject_id\":26457932,\"subject_custom_id\":null,\"generator_id\":null,\"related_id\":null,\"paypal\":false,\"gopay\":false,\"token\":\"1Wpcj1O5mw\",\"status\":\"open\",\"order_number\":null,\"issued_on\":\"2025-05-12\",\"taxable_fulfillment_due\":\"2025-05-12\",\"due\":14,\"due_on\":\"2025-05-26\",\"sent_at\":null,\"paid_on\":null,\"reminder_sent_at\":null,\"cancelled_at\":null,\"uncollectible_at\":null,\"locked_at\":null,\"webinvoice_seen_on\":null,\"note\":null,\"footer_note\":\"\",\"private_note\":null,\"tags\":[],\"bank_account\":\"123456/0000\",\"iban\":\"CZ2220100000002401457211\",\"swift_bic\":\"\",\"iban_visibility\":\"automatically\",\"show_already_paid_note_in_pdf\":false,\"payment_method\":\"bank\",\"custom_payment_method\":null,\"hide_bank_account\":false,\"currency\":\"CZK\",\"exchange_rate\":\"1.0\",\"language\":\"cz\",\"transferred_tax_liability\":false,\"supply_code\":null,\"oss\":\"disabled\",\"vat_price_mode\":\"without_vat\",\"subtotal\":\"1.0\",\"total\":\"1.0\",\"native_subtotal\":\"1.0\",\"native_total\":\"1.0\",\"remaining_amount\":\"1.0\",\"remaining_native_amount\":\"1.0\",\"eet_records\":[],\"lines\":[{\"id\":113983442,\"name\":\"python-fakturoid-v3-test-1\",\"quantity\":\"1.0\",\"unit_name\":\"\",\"unit_price\":\"1.0\",\"vat_rate\":0,\"unit_price_without_vat\":\"1.0\",\"unit_price_with_vat\":\"1.0\",\"total_price_without_vat\":\"1.0\",\"total_vat\":\"0.0\",\"native_total_price_without_vat\":\"1.0\",\"native_total_vat\":0,\"inventory\":null}],\"vat_rates_summary\":[{\"vat_rate\":0,\"base\":\"1.0\",\"vat\":\"0.0\",\"currency\":\"CZK\",\"native_base\":\"1.0\",\"native_vat\":\"0.0\",\"native_currency\":\"CZK\"}],\"paid_advances\":[],\"payments\":[],\"attachments\":[],\"html_url\":\"https://app.fakturoid.cz/fakturcalldev/invoices/47224348\",\"public_html_url\":\"https://app.fakturoid.cz/fakturcalldev/p/1Wpcj1O5mw/2025-0001\",\"url\":\"https://app.fakturoid.cz/api/v3/accounts/fakturcalldev/invoices/47224348.json\",\"pdf_url\":\"https://app.fakturoid.cz/api/v3/accounts/fakturcalldev/invoices/47224348/download.pdf\",\"subject_url\":\"https://app.fakturoid.cz/api/v3/accounts/fakturcalldev/subjects/26457932.json\",\"created_at\":\"2025-05-12T04:34:05.446+02:00\",\"updated_at\":\"2025-05-12T04:34:05.474+02:00\"}"
    headers:
      access-control-allow-origin:
      - '*'
      cache-control:
      - max-age=0, private, must-revalidate
      content-length:
      - '2787'
      content-type:
      - application/json; charset=utf-8
      date:
      - Mon, 12 May 2025 02:34:05 GMT
      etag:
      - W/"3c8bae51d6eda3462636f6325f3f01c3"
      referrer-policy:
      - strict-origin-when-cross-origin
      strict-transport-security:
      - max-age=63072000; includeSubDomains; preload
      vary:
      - Accept-Encoding
      x-content-type-options:
      - nosniff
      x-frame-options:
      - SAMEORIGIN
      x-permitted-cross-domain-policies:
      - none
      x-ratelimit:
      - default;r=387;t=58
      x-ratelimit-policy:
      - default;q=400;w=60
      x-request-id:
      - 21758619-5027-4308-9b40-eb04692ae868
      x-runtime:
      - '0.039647'
      x-xss-protection:
      - '0'
    status:
      code: 200
      message: OK
- request:
    body: null
    headers:
      Accept:
      - application/json
      Accept-Encoding:
      - gzip, deflate
      Authorization:
      - Basic DUMMY_VALUE
      Connection:
      - keep-alive
      Content-Type:
      - application/json
      Cookie:
      - application_theme=eyJfcmFpbHMiOnsibWVzc2FnZSI6IklteHBaMmgwSWc9PSIsImV4cCI6IjIwMjYtMDUtMTJUMDI6MzQ6MDUuMjkxWiIsInB1ciI6ImNvb2tpZS5hcHBsaWNhdGlvbl90aGVtZSJ9fQ%3D%3D--4366ad55b7eb81c16cc62a324765c319dda682f2
      User-Agent:
      - python-fakturoid-v3-test
    method: GET
    uri: https://app.fakturoid.cz/api/v3/accounts/fakturcalldev/invoices.json?number=2025-0001&page=1
  response:
    body:
      string: "[{\"id\":47224348,\"custom_id\":null,\"document_type\":\"invoice\",\"proforma_followup_document\":null,\"correction_id\":null,\"number\":\"2025-0001\",\"number_format_id\":704078,\"variable_symbol\":\"20250001\",\"your_name\":\"fakturcall-dev\",\"your_street\":\"Bezru\u010Dova
        688\",\"your_city\":\"Lo\u0161tice\",\"your_zip\":\"789 83\",\"your_country\":\"CZ\",\"your_registration_no\":\"\",\"your_vat_no\":\"\",\"your_local_vat_no\":null,\"client_name\":\"python-fakturoid-v3-test-1\",\"client_street\":null,\"client_city\":null,\"client_zip\":null,\"client_country\":\"CZ\",\"client_registration_no\":null,\"client_vat_no\":null,\"client_local_vat_no\":null,\"client_has_delivery_address\":false,\"client_delivery_name\":null,\"client_delivery_street\":null,\"client_delivery_city\":null,\"client_delivery_zip\":null,\"client_delivery_country\":null,\"subject_id\":26457932,\"subject_custom_id\":null,\"generator_id\":null,\"related_id\":null,\"paypal\":false,\"gopay\":false,\"token\":\"1Wpcj1O5mw\",\"status\":\"open\",\"order_number\":null,\"issued_on\":\"2025-05-12\",\"taxable_fulfillment_due\":\"2025-05-12\",\"due\":14,\"due_on\":\"2025-05-26\",\"sent_at\":null,\"paid_on\":null,\"reminder_sent_at\":null,\"cancelled_at\":null,\"uncollectible_at\":null,\"locked_at\":null,\"webinvoice_seen_on\":null,\"note\":null,\"footer_note\":\"\",\"private_note\":null,\"tags\":[],\"bank_account\":\"123456/0000\",\"iban\":\"CZ2220100000002401457211\",\"swift_bic\":\"\",\"iban_visibility\":\"automatically\",\"show_already_paid_note_in_pdf\":false,\"payment_method\":\"bank\",\"custom_payment_method\":null,\"hide_bank_account\":false,\"currency\":\"CZK\",\"exchange_rate\":\"1.0\",\"language\":\"cz\",\"transferred_tax_liability\":false,\"supply_code\":null,\"oss\":\"disabled\",\"vat_price_mode\":\"without_vat\",\"subtotal\":\"1.0\",\"total\":\"1.0\",\"native_subtotal\":\"1.0\",\"native_total\":\"1.0\",\"remaining_amount\":\"1.0\",\"remaining_native_amount\":\"1.0\",\"eet_records\":[],\"lines\":[{\"id\":113983442,\"name\":\"python-fakturoid-v3-test-1\",\"quantity\":\"1.0\",\"unit_name\":\"\",\"unit_price\":\"1.0\",\"vat_rate\":0,\"unit_price_without_vat\":\"1.0\",\"unit_price_with_vat\":\"1.0\",\"total_price_without_vat\":\"1.0\",\"total_vat\":\"0.0\",\"native_total_price_without_vat\":\"1.0\",\"native_total_vat\":0,\"inventory\":null}],\"vat_rates_summary\":[{\"vat_rate\":0,\"base\":\"1.0\",\"vat\":\"0.0\",\"currency\":\"CZK\",\"native_base\":\"1.0\",\"native_vat\":\"0.0\",\"native_currency\":\"CZK\"}],\"paid_advances\":[],\"payments\":[],\"attachments\":[],\"html_url\":\"https://app.fakturoid.cz/fakturcalldev/invoices/47224348\",\"public_html_url\":\"https://app.fakturoid.cz/fakturcalldev/p/1Wpcj1O5mw/2025-0001\",\"url\":\"https://app.fakturoid.cz/api/v3/accounts/fakturcalldev/invoices/47224348.json\",\"pdf_url\":\"https://app.fakturoid.cz/api/v3/accounts/fakturcalldev/invoices/47224348/download.pdf\",\"subject_url\":\"https://app.fakturoid.cz/api/v3/accounts/fakturcalldev/subjects/26457932.json\",\"created_at\":\"2025-05-12T04:34:05.446+02:00\",\"updated_at\":\"2025-05-12T04:34:05.731+02:00\"}]"
    headers:
      access-control-allow-origin:
      - '*'
      cache-control:
      - max-age=0, private, must-revalidate
      content-length:
      - '2789'
      content-type:
      - application/json; charset=utf-8
      date:
      - Mon, 12 May 2025 02:34:05 GMT
      etag:
      - W/"f528263f9d4f55085da29b12b4dd4433"
      referrer-policy:
      - strict-origin-when-cross-origin
      strict-transport-security:
      - max-age=63072000; includeSubDomains; preload
      vary:
      - Accept-Encoding
      x-content-type-options:
      - nosniff
      x-frame-options:
      - SAMEORIGIN
      x-permitted-cross-domain-policies:
      - none
      x-ratelimit:
      - default;r=386;t=58
      x-ratelimit-policy:
      - default;q=400;w=60
      x-request-id:
      - dcb5833f-cbf2-4534-8066-6cab3250a7e1
      x-runtime:
      - '0.037337'
      x-xss-protection:
      - '0'
    status:
      code: 200
      message: OK
- request:
    body: '{"id":47224348,"subject_id":26457932,"number":"2025-0001","variable_symbol":"20250001","due_on":"2025-05-26T00:00:00","tags":[],"bank_account":"123456/0000","iban":"CZ2220100000002401457211","swift_bic":"","payment_method":"bank","currency":"CZK","subtotal":"1.0","total":"1.0","native_subtotal":"1.0","lines":[{"id":113983442,"name":"python-fakturoid-v3-test-1","unit_price":"1.0","unit_name":"","quantity":"1.0","unit_price_without_vat":"1.0","unit_price_with_vat":"1.0","total_price_without_vat":"1.0","total_vat":"0.0","native_total_price_without_vat":"1.0","native_total_vat":"0"},{"name":"python-fakturoid-v3-test-1","unit_price":"2","quantity":"2"}],"vat_rates_summary":[{"vat_rate":"0","base":"1.0","vat":"0.0","currency":"CZK","native_base":"1.0","native_vat":"0.0","native_currency":"CZK"}],"document_type":"invoice","number_format_id":704078,"payments":[]}'
    headers:
      Accept:
      - application/json
      Accept-Encoding:
      - gzip, deflate
      Authorization:
      - Basic DUMMY_VALUE
      Connection:
      - keep-alive
      Content-Length:
      - '867'
      Content-Type:
      - application/json
      Cookie:
      - application_theme=eyJfcmFpbHMiOnsibWVzc2FnZSI6IklteHBaMmgwSWc9PSIsImV4cCI6IjIwMjYtMDUtMTJUMDI6MzQ6MDUuMjkxWiIsInB1ciI6ImNvb2tpZS5hcHBsaWNhdGlvbl90aGVtZSJ9fQ%3D%3D--4366ad55b7eb81c16cc62a324765c319dda682f2
      User-Agent:
      - python-fakturoid-v3-test
    method: PATCH
    uri: https://app.fakturoid.cz/api/v3/accounts/fakturcalldev/invoices/47224348.json
  response:
    body:
      string: "{\"id\":47224348,\"custom_id\":null,\"document_type\":\"invoice\",\"proforma_followup_document\":null,\"correction_id\":null,\"number\":\"2025-0001\",\"number_format_id\":704078,\"variable_symbol\":\"20250001\",\"your_name\":\"fakturcall-dev\",\"your_street\":\"Bezru\u010Dova
        688\",\"your_city\":\"Lo\u0161tice\",\"your_zip\":\"789 83\",\"your_country\":\"CZ\",\"your_registration_no\":\"\",\"your_vat_no\":\"\",\"your_local_vat_no\":null,\"client_name\":\"python-fakturoid-v3-test-1\",\"client_street\":null,\"client_city\":null,\"client_zip\":null,\"client_country\":\"CZ\",\"client_registration_no\":null,\"client_vat_no\":null,\"client_local_vat_no\":null,\"client_has_delivery_address\":false,\"client_delivery_name\":null,\"client_delivery_street\":null,\"client_delivery_city\":null,\"client_delivery_zip\":null,\"client_delivery_country\":null,\"subject_id\":26457932,\"subject_custom_id\":null,\"generator_id\":null,\"related_id\":null,\"paypal\":false,\"gopay\":false,\"token\":\"1Wpcj1O5mw\",\"status\":\"open\",\"order_number\":null,\"issued_on\":\"2025-05-12\",\"taxable_fulfillment_due\":\"2025-05-12\",\"due\":14,\"due_on\":\"2025-05-26\",\"sent_at\":null,\"paid_on\":null,\"reminder_sent_at\":null,\"cancelled_at\":null,\"uncollectible_at\":null,\"locked_at\":null,\"webinvoice_seen_on\":null,\"note\":null,\"footer_note\":\"\",\"private_note\":null,\"tags\":[],\"bank_account\":\"123456/0000\",\"iban\":\"CZ2220100000002401457211\",\"swift_bic\":\"\",\"iban_visibility\":\"automatically\",\"show_already_paid_note_in_pdf\":false,\"payment_method\":\"bank\",\"custom_payment_method\":null,\"hide_bank_account\":false,\"currency\":\"CZK\",\"exchange_rate\":\"1.0\",\"language\":\"cz\",\"transferred_tax_liability\":false,\"supply_code\":null,\"oss\":\"disabled\",\"vat_price_mode\":\"without_vat\",\"subtotal\":\"5.0\",\"total\":\"5.0\",\"native_subtotal\":\"5.0\",\"native_total\":\"5.0\",\"remaining_amount\":\"5.0\",\"remaining_native_amount\":\"5.0\",\"eet_records\":[],\"lines\":[{\"id\":113983442,\"name\":\"python-fakturoid-v3-test-1\",\"quantity\":\"1.0\",\"unit_name\":\"\",\"unit_price\":\"1.0\",\"vat_rate\":0,\"unit_price_without_vat\":\"1.0\",\"unit_price_with_vat\":\"1.0\",\"total_price_without_vat\":\"1.0\",\"total_vat\":\"0.0\",\"native_total_price_without_vat\":\"1.0\",\"native_total_vat\":0,\"inventory\":null},{\"id\":113983443,\"name\":\"python-fakturoid-v3-test-1\",\"quantity\":\"2.0\",\"unit_name\":\"\",\"unit_price\":\"2.0\",\"vat_rate\":0,\"unit_price_without_vat\":\"2.0\",\"unit_price_with_vat\":\"2.0\",\"total_price_without_vat\":\"4.0\",\"total_vat\":\"0.0\",\"native_total_price_without_vat\":\"4.0\",\"native_total_vat\":0,\"inventory\":null}],\"vat_rates_summary\":[{\"vat_rate\":0,\"base\":\"5.0\",\"vat\":\"0.0\",\"currency\":\"CZK\",\"native_base\":\"5.0\",\"native_vat\":\"0.0\",\"native_currency\":\"CZK\"}],\"paid_advances\":[],\"payments\":[],\"attachments\":[],\"html_url\":\"https://app.fakturoid.cz/fakturcalldev/invoices/47224348\",\"public_html_url\":\"https://app.fakturoid.cz/fakturcalldev/p/1Wpcj1O5mw/2025-0001\",\"url\":\"https://app.fakturoid.cz/api/v3/accounts/fakturcalldev/invoices/47224348.json\",\"pdf_url\":\"https://app.fakturoid.cz/api/v3/accounts/fakturcalldev/invoices/47224348/download.pdf\",\"subject_url\":\"https://app.fakturoid.cz/api/v3/accounts/fakturcalldev/subjects/26457932.json\",\"created_at\":\"2025-05-12T04:34:05.446+02:00\",\"updated_at\":\"2025-05-12T04:34:05.952+02:00\"}"
    headers:
      access-control-allow-origin:
      - '*'
      cache-control:
      - max-age=0, private, must-revalidate
      content-length:
      - '3090'
      content-type:
      - application/json; charset=utf-8
      date:
      - Mon, 12 May 2025 02:34:05 GMT
      etag:
      - W/"940bc04b9c28e68527d9205d943ea5a1"
      referrer-policy:
      - strict-origin-when-cross-origin
      strict-transport-security:
      - max-age=63072000; includeSubDomains; preload
      vary:
      - Accept-Encoding
      x-content-type-options:
      - nosniff
      x-frame-options:
      - SAMEORIGIN
      x-permitted-cross-domain-policies:
      - none
      x-ratelimit:
      - default;r=385;t=58
      x-ratelimit-policy:
      - default;q=400;w=60
      x-request-id:
      - 1814771f-78cc-44b3-950d-ddee8e210318
      x-runtime:
      - '0.119869'
      x-xss-protection:
      - '0'
    status:
      code: 200
      message: OK
- request:
    body: null
    headers:
      Accept:
      - application/json
      Accept-Encoding:
      - gzip, deflate
      Authorization:
      - Basic DUMMY_VALUE
      Connection:
      - keep-alive
      Content-Type:
      - application/json
      Cookie:
      - application_theme=eyJfcmFpbHMiOnsibWVzc2FnZSI6IklteHBaMmgwSWc9PSIsImV4cCI6IjIwMjYtMDUtMTJUMDI6MzQ6MDUuMjkxWiIsInB1ciI6ImNvb2tpZS5hcHBsaWNhdGlvbl90aGVtZSJ9fQ%3D%3D--4366ad55b7eb81c16cc62a324765c319dda682f2
      User-Agent:
      - python-fakturoid-v3-test
    method: GET
    uri: https://app.fakturoid.cz/api/v3/accounts/fakturcalldev/invoices/47224348.json
  response:
    body:
      string: "{\"id\":47224348,\"custom_id\":null,\"document_type\":\"invoice\",\"proforma_followup_document\":null,\"correction_id\":null,\"number\":\"2025-0001\",\"number_format_id\":704078,\"variable_symbol\":\"20250001\",\"your_name\":\"fakturcall-dev\",\"your_street\":\"Bezru\u010Dova
        688\",\"your_city\":\"Lo\u0161tice\",\"your_zip\":\"789 83\",\"your_country\":\"CZ\",\"your_registration_no\":\"\",\"your_vat_no\":\"\",\"your_local_vat_no\":null,\"client_name\":\"python-fakturoid-v3-test-1\",\"client_street\":null,\"client_city\":null,\"client_zip\":null,\"client_country\":\"CZ\",\"client_registration_no\":null,\"client_vat_no\":null,\"client_local_vat_no\":null,\"client_has_delivery_address\":false,\"client_delivery_name\":null,\"client_delivery_street\":null,\"client_delivery_city\":null,\"client_delivery_zip\":null,\"client_delivery_country\":null,\"subject_id\":26457932,\"subject_custom_id\":null,\"generator_id\":null,\"related_id\":null,\"paypal\":false,\"gopay\":false,\"token\":\"1Wpcj1O5mw\",\"status\":\"open\",\"order_number\":null,\"issued_on\":\"2025-05-12\",\"taxable_fulfillment_due\":\"2025-05-12\",\"due\":14,\"due_on\":\"2025-05-26\",\"sent_at\":null,\"paid_on\":null,\"reminder_sent_at\":null,\"cancelled_at\":null,\"uncollectible_at\":null,\"locked_at\":null,\"webinvoice_seen_on\":null,\"note\":null,\"footer_note\":\"\",\"private_note\":null,\"tags\":[],\"bank_account\":\"123456/0000\",\"iban\":\"CZ2220100000002401457211\",\"swift_bic\":\"\",\"iban_visibility\":\"automatically\",\"show_already_paid_note_in_pdf\":false,\"payment_method\":\"bank\",\"custom_payment_method\":null,\"hide_bank_account\":false,\"currency\":\"CZK\",\"exchange_rate\":\"1.0\",\"language\":\"cz\",\"transferred_tax_liability\":false,\"supply_code\":null,\"oss\":\"disabled\",\"vat_price_mode\":\"without_vat\",\"subtotal\":\"5.0\",\"total\":\"5.0\",\"native_subtotal\":\"5.0\",\"native_total\":\"5.0\",\"remaining_amount\":\"5.0\",\"remaining_native_amount\":\"5.0\",\"eet_records\":[],\"lines\":[{\"id\":113983442,\"name\":\"python-fakturoid-v3-test-1\",\"quantity\":\"1.0\",\"unit_name\":\"\",\"unit_price\":\"1.0\",\"vat_rate\":0,\"unit_price_without_vat\":\"1.0\",\"unit_price_with_vat\":\"1.0\",\"total_price_without_vat\":\"1.0\",\"total_vat\":\"0.0\",\"native_total_price_without_vat\":\"1.0\",\"native_total_vat\":0,\"inventory\":null},{\"id\":113983443,\"name\":\"python-fakturoid-v3-test-1\",\"quantity\":\"2.0\",\"unit_name\":\"\",\"unit_price\":\"2.0\",\"vat_rate\":0,\"unit_price_without_vat\":\"2.0\",\"unit_price_with_vat\":\"2.0\",\"total_price_without_vat\":\"4.0\",\"total_vat\":\"0.0\",\"native_total_price_without_vat\":\"4.0\",\"native_total_vat\":0,\"inventory\":null}],\"vat_rates_summary\":[{\"vat_rate\":0,\"base\":\"5.0\",\"vat\":\"0.0\",\"currency\":\"CZK\",\"native_base\":\"5.0\",\"native_vat\":\"0.0\",\"native_currency\":\"CZK\"}],\"paid_advances\":[],\"payments\":[],\"attachments\":[],\"html_url\":\"https://app.fakturoid.cz/fakturcalldev/invoices/47224348\",\"public_html_url\":\"https://app.fakturoid.cz/fakturcalldev/p/1Wpcj1O5mw/2025-0001\",\"url\":\"https://app.fakturoid.cz/api/v3/accounts/fakturcalldev/invoices/47224348.json\",\"pdf_url\":\"https://app.fakturoid.cz/api/v3/accounts/fakturcalldev/invoices/47224348/download.pdf\",\"subject_url\":\"https://app.fakturoid.cz/api/v3/accounts/fakturcalldev/subjects/26457932.json\",\"created_at\":\"2025-05-12T04:34:05.446+02:00\",\"updated_at\":\"2025-05-12T04:34:06.003+02:00\"}"
    headers:
      access-control-allow-origin:
      - '*'
      cache-control:
      - max-age=0, private, must-revalidate
      content-length:
      - '3090'
      content-type:
      - application/json; charset=utf-8
      date:
      - Mon, 12 May 2025 02:34:06 GMT
      etag:
      - W/"e3d49f9d0c352820941b34c0d7cdfd68"
      referrer-policy:
      - strict-origin-when-cross-origin
      strict-transport-security:
      - max-age=63072000; includeSubDomains; preload
      vary:
      - Accept-Encoding
      x-content-type-options:
      - nosniff
      x-frame-options:
      - SAMEORIGIN
      x-permitted-cross-domain-policies:
      - none
      x-ratelimit:
      - default;r=384;t=58
      x-ratelimit-policy:
      - default;q=400;w=60
      x-request-id:
      - 6ee00943-6494-4fe1-8edc-681f3ce5aa42
      x-runtime:
      - '0.028354'
      x-xss-protection:
      - '0'
    status:
      code: 200
      message: OK
- request:
    body: null
    headers:
      Accept:
      - application/json
      Accept-Encoding:
      - gzip, deflate
      Authorization:
      - Basic DUMMY_VALUE
      Connection:
      - keep-alive
      Content-Length:
      - '0'
      Content-Type:
      - application/json
      Cookie:
      - application_theme=eyJfcmFpbHMiOnsibWVzc2FnZSI6IklteHBaMmgwSWc9PSIsImV4cCI6IjIwMjYtMDUtMTJUMDI6MzQ6MDUuMjkxWiIsInB1ciI6ImNvb2tpZS5hcHBsaWNhdGlvbl90aGVtZSJ9fQ%3D%3D--4366ad55b7eb81c16cc62a324765c319dda682f2
      User-Agent:
      - python-fakturoid-v3-test
    method: DELETE
    uri: https://app.fakturoid.cz/api/v3/accounts/fakturcalldev/invoices/47224348.json
  response:
    body:
      string: ''
    headers:
      access-control-allow-origin:
      - '*'
      cache-control:
      - no-cache
      date:
      - Mon, 12 May 2025 02:34:06 GMT
      referrer-policy:
      - strict-origin-when-cross-origin
      strict-transport-security:
      - max-age=63072000; includeSubDomains; preload
      x-content-type-options:
      - nosniff
      x-frame-options:
      - SAMEORIGIN
      x-permitted-cross-domain-policies:
      - none
      x-ratelimit:
      - default;r=383;t=58
      x-ratelimit-policy:
      - default;q=400;w=60
      x-request-id:
      - 07f5cef6-527b-4556-8ff5-5516855d5c1a
      x-runtime:
      - '0.065968'
      x-xss-protection:
      - '0'
    status:
      code: 204
      message: No Content
- request:
    body: null
    headers:
      Accept:
      - application/json
      Accept-Encoding:
      - gzip, deflate
      Authorization:
      - Basic DUMMY_VALUE
      Connection:
      - keep-alive
      Content-Length:
      - '0'
      Content-Type:
      - application/json
      Cookie:
      - application_theme=eyJfcmFpbHMiOnsibWVzc2FnZSI6IklteHBaMmgwSWc9PSIsImV4cCI6IjIwMjYtMDUtMTJUMDI6MzQ6MDUuMjkxWiIsInB1ciI6ImNvb2tpZS5hcHBsaWNhdGlvbl90aGVtZSJ9fQ%3D%3D--4366ad55b7eb81c16cc62a324765c319dda682f2
      User-Agent:
      - python-fakturoid-v3-test
    method: DELETE
    uri: https://app.fakturoid.cz/api/v3/accounts/fakturcalldev/subjects/26457932.json
  response:
    body:
      string: ''
    headers:
      access-control-allow-origin:
      - '*'
      cache-control:
      - no-cache
      date:
      - Mon, 12 May 2025 02:34:06 GMT
      referrer-policy:
      - strict-origin-when-cross-origin
      strict-transport-security:
      - max-age=63072000; includeSubDomains; preload
      x-content-type-options:
      - nosniff
      x-frame-options:
      - SAMEORIGIN
      x-permitted-cross-domain-policies:
      - none
      x-ratelimit:
      - default;r=382;t=58
      x-ratelimit-policy:
      - default;q=400;w=60
      x-request-id:
      - ccd9ef91-acae-4851-8ba5-269253e10b24
      x-runtime:
      - '0.045913'
      x-xss-protection:
      - '0'
    status:
      code: 204
      message: No Content
- request:
    body: null
    headers:
      Accept:
      - application/json
      Accept-Encoding:
      - gzip, deflate
      Authorization:
      - Basic DUMMY_VALUE
      Connection:
      - keep-alive
      Content-Type:
      - application/json
      Cookie:
      - application_theme=eyJfcmFpbHMiOnsibWVzc2FnZSI6IklteHBaMmgwSWc9PSIsImV4cCI6IjIwMjYtMDUtMTJUMDI6MzQ6MDUuMjkxWiIsInB1ciI6ImNvb2tpZS5hcHBsaWNhdGlvbl90aGVtZSJ9fQ%3D%3D--4366ad55b7eb81c16cc62a324765c319dda682f2
      User-Agent:
      - python-fakturoid-v3-test
    method: GET
    uri: https://app.fakturoid.cz/api/v3/accounts/fakturcalldev/subjects/26457932.json
  response:
    body:
      string: '{"error":"resource_not_found"}'
    headers:
      cache-control:
      - no-cache
      content-length:
      - '30'
      content-type:
      - application/json; charset=utf-8
      date:
      - Mon, 12 May 2025 02:34:06 GMT
      referrer-policy:
      - strict-origin-when-cross-origin
      strict-transport-security:
      - max-age=63072000; includeSubDomains; preload
      vary:
      - Accept-Encoding
      x-content-type-options:
      - nosniff
      x-frame-options:
      - SAMEORIGIN
      x-permitted-cross-domain-policies:
      - none
      x-ratelimit:
      - default;r=381;t=58
      x-ratelimit-policy:
      - default;q=400;w=60
      x-request-id:
      - b00fbdb1-3151-41ff-ab4b-a00a747742a5
      x-runtime:
      - '0.014512'
      x-xss-protection:
      - '0'
    status:
      code: 404
      message: Not Found
version: 1
